

================================================================
== Vitis HLS Report for 'Example1'
================================================================
* Date:           Mon Nov  8 19:13:28 2021

* Version:        2020.2 (Build 3064766 on Wed Nov 18 09:12:47 MST 2020)
* Project:        example1
* Solution:       xcvu9p-flgb2104-2-i (Vivado IP Flow Target)
* Product family: virtexuplus
* Target device:  xcvu9p-flgb2104-2-i


================================================================
== Performance Estimates
================================================================
+ Timing: 
    * Summary: 
    +--------+---------+----------+------------+
    |  Clock |  Target | Estimated| Uncertainty|
    +--------+---------+----------+------------+
    |ap_clk  |  5.00 ns|  3.650 ns|     1.35 ns|
    +--------+---------+----------+------------+

+ Latency: 
    * Summary: 
    +---------+---------+----------+-----------+--------+---------+---------+
    |  Latency (cycles) |  Latency (absolute)  |     Interval     | Pipeline|
    |   min   |   max   |    min   |    max    |   min  |   max   |   Type  |
    +---------+---------+----------+-----------+--------+---------+---------+
    |   115265|  6344705|  0.576 ms|  31.724 ms|  115266|  6344706|     none|
    +---------+---------+----------+-----------+--------+---------+---------+

    + Detail: 
        * Instance: 
        N/A

        * Loop: 
        +--------------------+---------+---------+--------------+-----------+-----------+--------+----------+
        |                    |  Latency (cycles) |   Iteration  |  Initiation Interval  |  Trip  |          |
        |      Loop Name     |   min   |   max   |    Latency   |  achieved |   target  |  Count | Pipelined|
        +--------------------+---------+---------+--------------+-----------+-----------+--------+----------+
        |- VITIS_LOOP_7_1    |   115264|  6344704|  1801 ~ 99136|          -|          -|      64|        no|
        | + VITIS_LOOP_9_2   |       78|       78|            16|          1|          1|      64|       yes|
        | + VITIS_LOOP_17_3  |       87|       87|            25|          1|          1|      64|       yes|
        | + VITIS_LOOP_20_4  |     1545|    98880|          1545|          -|          -|  1 ~ 64|        no|
        +--------------------+---------+---------+--------------+-----------+-----------+--------+----------+



================================================================
== Utilization Estimates
================================================================
* Summary: 
+---------------------+---------+------+---------+---------+-----+
|         Name        | BRAM_18K|  DSP |    FF   |   LUT   | URAM|
+---------------------+---------+------+---------+---------+-----+
|DSP                  |        -|     -|        -|        -|    -|
|Expression           |        -|     -|        0|    14079|    -|
|FIFO                 |        -|     -|        -|        -|    -|
|Instance             |        6|   185|    10847|     7973|    -|
|Memory               |        -|     -|        -|        -|    -|
|Multiplexer          |        -|     -|        -|     5248|    -|
|Register             |        -|     -|    19204|      128|    -|
+---------------------+---------+------+---------+---------+-----+
|Total                |        6|   185|    30051|    27428|    0|
+---------------------+---------+------+---------+---------+-----+
|Available SLR        |     1440|  2280|   788160|   394080|  320|
+---------------------+---------+------+---------+---------+-----+
|Utilization SLR (%)  |       ~0|     8|        3|        6|    0|
+---------------------+---------+------+---------+---------+-----+
|Available            |     4320|  6840|  2364480|  1182240|  960|
+---------------------+---------+------+---------+---------+-----+
|Utilization (%)      |       ~0|     2|        1|        2|    0|
+---------------------+---------+------+---------+---------+-----+

+ Detail: 
    * Instance: 
    +---------------------------------------+------------------------------------+---------+----+-----+-----+-----+
    |                Instance               |               Module               | BRAM_18K| DSP|  FF | LUT | URAM|
    +---------------------------------------+------------------------------------+---------+----+-----+-----+-----+
    |control_s_axi_U                        |control_s_axi                       |        0|   0|  246|  424|    0|
    |facc_32ns_32ns_1ns_32_3_no_dsp_1_U65   |facc_32ns_32ns_1ns_32_3_no_dsp_1    |        0|   0|  137|  831|    0|
    |faddfsub_32ns_32ns_32_5_full_dsp_1_U1  |faddfsub_32ns_32ns_32_5_full_dsp_1  |        0|   2|  205|  220|    0|
    |fdiv_32ns_32ns_32_10_no_dsp_1_U63      |fdiv_32ns_32ns_32_10_no_dsp_1       |        0|   0|    0|    0|    0|
    |fmul_32ns_32ns_32_4_max_dsp_1_U2       |fmul_32ns_32ns_32_4_max_dsp_1       |        0|   3|  143|   78|    0|
    |fmul_32ns_32ns_32_4_max_dsp_1_U3       |fmul_32ns_32ns_32_4_max_dsp_1       |        0|   3|  143|   78|    0|
    |fmul_32ns_32ns_32_4_max_dsp_1_U4       |fmul_32ns_32ns_32_4_max_dsp_1       |        0|   3|  143|   78|    0|
    |fmul_32ns_32ns_32_4_max_dsp_1_U5       |fmul_32ns_32ns_32_4_max_dsp_1       |        0|   3|  143|   78|    0|
    |fmul_32ns_32ns_32_4_max_dsp_1_U6       |fmul_32ns_32ns_32_4_max_dsp_1       |        0|   3|  143|   78|    0|
    |fmul_32ns_32ns_32_4_max_dsp_1_U7       |fmul_32ns_32ns_32_4_max_dsp_1       |        0|   3|  143|   78|    0|
    |fmul_32ns_32ns_32_4_max_dsp_1_U8       |fmul_32ns_32ns_32_4_max_dsp_1       |        0|   3|  143|   78|    0|
    |fmul_32ns_32ns_32_4_max_dsp_1_U9       |fmul_32ns_32ns_32_4_max_dsp_1       |        0|   3|  143|   78|    0|
    |fmul_32ns_32ns_32_4_max_dsp_1_U10      |fmul_32ns_32ns_32_4_max_dsp_1       |        0|   3|  143|   78|    0|
    |fmul_32ns_32ns_32_4_max_dsp_1_U11      |fmul_32ns_32ns_32_4_max_dsp_1       |        0|   3|  143|   78|    0|
    |fmul_32ns_32ns_32_4_max_dsp_1_U12      |fmul_32ns_32ns_32_4_max_dsp_1       |        0|   3|  143|   78|    0|
    |fmul_32ns_32ns_32_4_max_dsp_1_U13      |fmul_32ns_32ns_32_4_max_dsp_1       |        0|   3|  143|   78|    0|
    |fmul_32ns_32ns_32_4_max_dsp_1_U14      |fmul_32ns_32ns_32_4_max_dsp_1       |        0|   3|  143|   78|    0|
    |fmul_32ns_32ns_32_4_max_dsp_1_U15      |fmul_32ns_32ns_32_4_max_dsp_1       |        0|   3|  143|   78|    0|
    |fmul_32ns_32ns_32_4_max_dsp_1_U16      |fmul_32ns_32ns_32_4_max_dsp_1       |        0|   3|  143|   78|    0|
    |fmul_32ns_32ns_32_4_max_dsp_1_U17      |fmul_32ns_32ns_32_4_max_dsp_1       |        0|   3|  143|   78|    0|
    |fmul_32ns_32ns_32_4_max_dsp_1_U18      |fmul_32ns_32ns_32_4_max_dsp_1       |        0|   3|  143|   78|    0|
    |fmul_32ns_32ns_32_4_max_dsp_1_U19      |fmul_32ns_32ns_32_4_max_dsp_1       |        0|   3|  143|   78|    0|
    |fmul_32ns_32ns_32_4_max_dsp_1_U20      |fmul_32ns_32ns_32_4_max_dsp_1       |        0|   3|  143|   78|    0|
    |fmul_32ns_32ns_32_4_max_dsp_1_U21      |fmul_32ns_32ns_32_4_max_dsp_1       |        0|   3|  143|   78|    0|
    |fmul_32ns_32ns_32_4_max_dsp_1_U22      |fmul_32ns_32ns_32_4_max_dsp_1       |        0|   3|  143|   78|    0|
    |fmul_32ns_32ns_32_4_max_dsp_1_U23      |fmul_32ns_32ns_32_4_max_dsp_1       |        0|   3|  143|   78|    0|
    |fmul_32ns_32ns_32_4_max_dsp_1_U24      |fmul_32ns_32ns_32_4_max_dsp_1       |        0|   3|  143|   78|    0|
    |fmul_32ns_32ns_32_4_max_dsp_1_U25      |fmul_32ns_32ns_32_4_max_dsp_1       |        0|   3|  143|   78|    0|
    |fmul_32ns_32ns_32_4_max_dsp_1_U26      |fmul_32ns_32ns_32_4_max_dsp_1       |        0|   3|  143|   78|    0|
    |fmul_32ns_32ns_32_4_max_dsp_1_U27      |fmul_32ns_32ns_32_4_max_dsp_1       |        0|   3|  143|   78|    0|
    |fmul_32ns_32ns_32_4_max_dsp_1_U28      |fmul_32ns_32ns_32_4_max_dsp_1       |        0|   3|  143|   78|    0|
    |fmul_32ns_32ns_32_4_max_dsp_1_U29      |fmul_32ns_32ns_32_4_max_dsp_1       |        0|   3|  143|   78|    0|
    |fmul_32ns_32ns_32_4_max_dsp_1_U30      |fmul_32ns_32ns_32_4_max_dsp_1       |        0|   3|  143|   78|    0|
    |fmul_32ns_32ns_32_4_max_dsp_1_U31      |fmul_32ns_32ns_32_4_max_dsp_1       |        0|   3|  143|   78|    0|
    |fmul_32ns_32ns_32_4_max_dsp_1_U32      |fmul_32ns_32ns_32_4_max_dsp_1       |        0|   3|  143|   78|    0|
    |fmul_32ns_32ns_32_4_max_dsp_1_U33      |fmul_32ns_32ns_32_4_max_dsp_1       |        0|   3|  143|   78|    0|
    |fmul_32ns_32ns_32_4_max_dsp_1_U34      |fmul_32ns_32ns_32_4_max_dsp_1       |        0|   3|  143|   78|    0|
    |fmul_32ns_32ns_32_4_max_dsp_1_U35      |fmul_32ns_32ns_32_4_max_dsp_1       |        0|   3|  143|   78|    0|
    |fmul_32ns_32ns_32_4_max_dsp_1_U36      |fmul_32ns_32ns_32_4_max_dsp_1       |        0|   3|  143|   78|    0|
    |fmul_32ns_32ns_32_4_max_dsp_1_U37      |fmul_32ns_32ns_32_4_max_dsp_1       |        0|   3|  143|   78|    0|
    |fmul_32ns_32ns_32_4_max_dsp_1_U38      |fmul_32ns_32ns_32_4_max_dsp_1       |        0|   3|  143|   78|    0|
    |fmul_32ns_32ns_32_4_max_dsp_1_U39      |fmul_32ns_32ns_32_4_max_dsp_1       |        0|   3|  143|   78|    0|
    |fmul_32ns_32ns_32_4_max_dsp_1_U40      |fmul_32ns_32ns_32_4_max_dsp_1       |        0|   3|  143|   78|    0|
    |fmul_32ns_32ns_32_4_max_dsp_1_U41      |fmul_32ns_32ns_32_4_max_dsp_1       |        0|   3|  143|   78|    0|
    |fmul_32ns_32ns_32_4_max_dsp_1_U42      |fmul_32ns_32ns_32_4_max_dsp_1       |        0|   3|  143|   78|    0|
    |fmul_32ns_32ns_32_4_max_dsp_1_U43      |fmul_32ns_32ns_32_4_max_dsp_1       |        0|   3|  143|   78|    0|
    |fmul_32ns_32ns_32_4_max_dsp_1_U44      |fmul_32ns_32ns_32_4_max_dsp_1       |        0|   3|  143|   78|    0|
    |fmul_32ns_32ns_32_4_max_dsp_1_U45      |fmul_32ns_32ns_32_4_max_dsp_1       |        0|   3|  143|   78|    0|
    |fmul_32ns_32ns_32_4_max_dsp_1_U46      |fmul_32ns_32ns_32_4_max_dsp_1       |        0|   3|  143|   78|    0|
    |fmul_32ns_32ns_32_4_max_dsp_1_U47      |fmul_32ns_32ns_32_4_max_dsp_1       |        0|   3|  143|   78|    0|
    |fmul_32ns_32ns_32_4_max_dsp_1_U48      |fmul_32ns_32ns_32_4_max_dsp_1       |        0|   3|  143|   78|    0|
    |fmul_32ns_32ns_32_4_max_dsp_1_U49      |fmul_32ns_32ns_32_4_max_dsp_1       |        0|   3|  143|   78|    0|
    |fmul_32ns_32ns_32_4_max_dsp_1_U50      |fmul_32ns_32ns_32_4_max_dsp_1       |        0|   3|  143|   78|    0|
    |fmul_32ns_32ns_32_4_max_dsp_1_U51      |fmul_32ns_32ns_32_4_max_dsp_1       |        0|   3|  143|   78|    0|
    |fmul_32ns_32ns_32_4_max_dsp_1_U52      |fmul_32ns_32ns_32_4_max_dsp_1       |        0|   3|  143|   78|    0|
    |fmul_32ns_32ns_32_4_max_dsp_1_U53      |fmul_32ns_32ns_32_4_max_dsp_1       |        0|   3|  143|   78|    0|
    |fmul_32ns_32ns_32_4_max_dsp_1_U54      |fmul_32ns_32ns_32_4_max_dsp_1       |        0|   3|  143|   78|    0|
    |fmul_32ns_32ns_32_4_max_dsp_1_U55      |fmul_32ns_32ns_32_4_max_dsp_1       |        0|   3|  143|   78|    0|
    |fmul_32ns_32ns_32_4_max_dsp_1_U56      |fmul_32ns_32ns_32_4_max_dsp_1       |        0|   3|  143|   78|    0|
    |fmul_32ns_32ns_32_4_max_dsp_1_U57      |fmul_32ns_32ns_32_4_max_dsp_1       |        0|   3|  143|   78|    0|
    |fmul_32ns_32ns_32_4_max_dsp_1_U58      |fmul_32ns_32ns_32_4_max_dsp_1       |        0|   3|  143|   78|    0|
    |fmul_32ns_32ns_32_4_max_dsp_1_U59      |fmul_32ns_32ns_32_4_max_dsp_1       |        0|   3|  143|   78|    0|
    |fmul_32ns_32ns_32_4_max_dsp_1_U60      |fmul_32ns_32ns_32_4_max_dsp_1       |        0|   3|  143|   78|    0|
    |fmul_32ns_32ns_32_4_max_dsp_1_U61      |fmul_32ns_32ns_32_4_max_dsp_1       |        0|   3|  143|   78|    0|
    |fmul_32ns_32ns_32_4_max_dsp_1_U62      |fmul_32ns_32ns_32_4_max_dsp_1       |        0|   3|  143|   78|    0|
    |fsqrt_32ns_32ns_32_9_no_dsp_1_U64      |fsqrt_32ns_32ns_32_9_no_dsp_1       |        0|   0|    0|    0|    0|
    |gmem0_m_axi_U                          |gmem0_m_axi                         |        2|   0|  512|  580|    0|
    |gmem1_m_axi_U                          |gmem1_m_axi                         |        2|   0|  512|  580|    0|
    |gmem2_m_axi_U                          |gmem2_m_axi                         |        2|   0|  512|  580|    0|
    +---------------------------------------+------------------------------------+---------+----+-----+-----+-----+
    |Total                                  |                                    |        6| 185|10847| 7973|    0|
    +---------------------------------------+------------------------------------+---------+----+-----+-----+-----+

    * DSP: 
    N/A

    * Memory: 
    N/A

    * FIFO: 
    N/A

    * Expression: 
    +------------------------------------+----------+----+---+-----+------------+------------+
    |            Variable Name           | Operation| DSP| FF| LUT | Bitwidth P0| Bitwidth P1|
    +------------------------------------+----------+----+---+-----+------------+------------+
    |add_ln10_fu_3274_p2                 |         +|   0|  0|   71|          64|          64|
    |add_ln15_fu_3328_p2                 |         +|   0|  0|   71|          64|          64|
    |add_ln17_fu_3368_p2                 |         +|   0|  0|   14|           7|           1|
    |add_ln18_1_fu_3422_p2               |         +|   0|  0|   71|          64|          64|
    |add_ln18_fu_3397_p2                 |         +|   0|  0|   71|          64|          64|
    |add_ln20_fu_5975_p2                 |         +|   0|  0|   71|          64|           1|
    |add_ln23_10_fu_3828_p2              |         +|   0|  0|   71|          64|          64|
    |add_ln23_11_fu_3866_p2              |         +|   0|  0|   71|          64|          64|
    |add_ln23_12_fu_3898_p2              |         +|   0|  0|   71|          64|          64|
    |add_ln23_13_fu_3930_p2              |         +|   0|  0|   71|          64|          64|
    |add_ln23_14_fu_3962_p2              |         +|   0|  0|   71|          64|          64|
    |add_ln23_15_fu_3998_p2              |         +|   0|  0|   71|          64|          64|
    |add_ln23_16_fu_4036_p2              |         +|   0|  0|   71|          64|          64|
    |add_ln23_17_fu_4074_p2              |         +|   0|  0|   71|          64|          64|
    |add_ln23_18_fu_4112_p2              |         +|   0|  0|   71|          64|          64|
    |add_ln23_19_fu_4150_p2              |         +|   0|  0|   71|          64|          64|
    |add_ln23_1_fu_3504_p2               |         +|   0|  0|   71|          64|          64|
    |add_ln23_20_fu_4188_p2              |         +|   0|  0|   71|          64|          64|
    |add_ln23_21_fu_4226_p2              |         +|   0|  0|   71|          64|          64|
    |add_ln23_22_fu_4264_p2              |         +|   0|  0|   71|          64|          64|
    |add_ln23_23_fu_4302_p2              |         +|   0|  0|   71|          64|          64|
    |add_ln23_24_fu_4334_p2              |         +|   0|  0|   71|          64|          64|
    |add_ln23_25_fu_4366_p2              |         +|   0|  0|   71|          64|          64|
    |add_ln23_26_fu_4398_p2              |         +|   0|  0|   71|          64|          64|
    |add_ln23_27_fu_4430_p2              |         +|   0|  0|   71|          64|          64|
    |add_ln23_28_fu_4462_p2              |         +|   0|  0|   71|          64|          64|
    |add_ln23_29_fu_4494_p2              |         +|   0|  0|   71|          64|          64|
    |add_ln23_2_fu_3542_p2               |         +|   0|  0|   71|          64|          64|
    |add_ln23_30_fu_4526_p2              |         +|   0|  0|   71|          64|          64|
    |add_ln23_31_fu_4558_p2              |         +|   0|  0|   71|          64|          64|
    |add_ln23_32_fu_4596_p2              |         +|   0|  0|   71|          64|          64|
    |add_ln23_33_fu_4634_p2              |         +|   0|  0|   71|          64|          64|
    |add_ln23_34_fu_4672_p2              |         +|   0|  0|   71|          64|          64|
    |add_ln23_35_fu_4714_p2              |         +|   0|  0|   71|          64|          64|
    |add_ln23_36_fu_4752_p2              |         +|   0|  0|   71|          64|          64|
    |add_ln23_37_fu_4790_p2              |         +|   0|  0|   71|          64|          64|
    |add_ln23_38_fu_4828_p2              |         +|   0|  0|   71|          64|          64|
    |add_ln23_39_fu_4866_p2              |         +|   0|  0|   71|          64|          64|
    |add_ln23_3_fu_3574_p2               |         +|   0|  0|   71|          64|          64|
    |add_ln23_40_fu_4904_p2              |         +|   0|  0|   71|          64|          64|
    |add_ln23_41_fu_4942_p2              |         +|   0|  0|   71|          64|          64|
    |add_ln23_42_fu_4980_p2              |         +|   0|  0|   71|          64|          64|
    |add_ln23_43_fu_5018_p2              |         +|   0|  0|   71|          64|          64|
    |add_ln23_44_fu_5056_p2              |         +|   0|  0|   71|          64|          64|
    |add_ln23_45_fu_5094_p2              |         +|   0|  0|   71|          64|          64|
    |add_ln23_46_fu_5132_p2              |         +|   0|  0|   71|          64|          64|
    |add_ln23_47_fu_5170_p2              |         +|   0|  0|   71|          64|          64|
    |add_ln23_48_fu_5202_p2              |         +|   0|  0|   71|          64|          64|
    |add_ln23_49_fu_5234_p2              |         +|   0|  0|   71|          64|          64|
    |add_ln23_4_fu_3612_p2               |         +|   0|  0|   71|          64|          64|
    |add_ln23_50_fu_5266_p2              |         +|   0|  0|   71|          64|          64|
    |add_ln23_51_fu_5298_p2              |         +|   0|  0|   71|          64|          64|
    |add_ln23_52_fu_5330_p2              |         +|   0|  0|   71|          64|          64|
    |add_ln23_53_fu_5362_p2              |         +|   0|  0|   71|          64|          64|
    |add_ln23_54_fu_5394_p2              |         +|   0|  0|   71|          64|          64|
    |add_ln23_55_fu_5426_p2              |         +|   0|  0|   71|          64|          64|
    |add_ln23_56_fu_5458_p2              |         +|   0|  0|   71|          64|          64|
    |add_ln23_57_fu_5490_p2              |         +|   0|  0|   71|          64|          64|
    |add_ln23_58_fu_5522_p2              |         +|   0|  0|   71|          64|          64|
    |add_ln23_59_fu_5554_p2              |         +|   0|  0|   71|          64|          64|
    |add_ln23_5_fu_3650_p2               |         +|   0|  0|   71|          64|          64|
    |add_ln23_60_fu_5586_p2              |         +|   0|  0|   71|          64|          64|
    |add_ln23_61_fu_5622_p2              |         +|   0|  0|   71|          64|          64|
    |add_ln23_62_fu_5654_p2              |         +|   0|  0|   71|          64|          64|
    |add_ln23_63_fu_5686_p2              |         +|   0|  0|   71|          64|          64|
    |add_ln23_6_fu_3682_p2               |         +|   0|  0|   71|          64|          64|
    |add_ln23_7_fu_3714_p2               |         +|   0|  0|   71|          64|          64|
    |add_ln23_8_fu_3752_p2               |         +|   0|  0|   71|          64|          64|
    |add_ln23_9_fu_3790_p2               |         +|   0|  0|   71|          64|          64|
    |add_ln23_fu_3466_p2                 |         +|   0|  0|   71|          64|          64|
    |add_ln24_100_fu_8100_p2             |         +|   0|  0|   71|          64|          64|
    |add_ln24_101_fu_8130_p2             |         +|   0|  0|   69|          62|          12|
    |add_ln24_102_fu_8143_p2             |         +|   0|  0|   71|          64|          64|
    |add_ln24_103_fu_8173_p2             |         +|   0|  0|   69|          62|          12|
    |add_ln24_104_fu_8186_p2             |         +|   0|  0|   71|          64|          64|
    |add_ln24_105_fu_8216_p2             |         +|   0|  0|   69|          62|          12|
    |add_ln24_106_fu_8229_p2             |         +|   0|  0|   71|          64|          64|
    |add_ln24_107_fu_8259_p2             |         +|   0|  0|   69|          62|          12|
    |add_ln24_108_fu_8272_p2             |         +|   0|  0|   71|          64|          64|
    |add_ln24_109_fu_8302_p2             |         +|   0|  0|   69|          62|          12|
    |add_ln24_10_fu_6165_p2              |         +|   0|  0|   71|          64|          64|
    |add_ln24_110_fu_8315_p2             |         +|   0|  0|   71|          64|          64|
    |add_ln24_111_fu_8345_p2             |         +|   0|  0|   69|          62|          12|
    |add_ln24_112_fu_8358_p2             |         +|   0|  0|   71|          64|          64|
    |add_ln24_113_fu_8388_p2             |         +|   0|  0|   69|          62|          12|
    |add_ln24_114_fu_8401_p2             |         +|   0|  0|   71|          64|          64|
    |add_ln24_115_fu_8431_p2             |         +|   0|  0|   69|          62|          12|
    |add_ln24_116_fu_8444_p2             |         +|   0|  0|   71|          64|          64|
    |add_ln24_117_fu_8469_p2             |         +|   0|  0|   69|          62|          12|
    |add_ln24_118_fu_8482_p2             |         +|   0|  0|   71|          64|          64|
    |add_ln24_119_fu_8507_p2             |         +|   0|  0|   69|          62|          12|
    |add_ln24_11_fu_6195_p2              |         +|   0|  0|   69|          62|           9|
    |add_ln24_120_fu_8520_p2             |         +|   0|  0|   71|          64|          64|
    |add_ln24_121_fu_8545_p2             |         +|   0|  0|   69|          62|          12|
    |add_ln24_122_fu_8558_p2             |         +|   0|  0|   71|          64|          64|
    |add_ln24_123_fu_8583_p2             |         +|   0|  0|   69|          62|          12|
    |add_ln24_124_fu_8596_p2             |         +|   0|  0|   71|          64|          64|
    |add_ln24_125_fu_8621_p2             |         +|   0|  0|   69|          62|          12|
    |add_ln24_126_fu_8634_p2             |         +|   0|  0|   71|          64|          64|
    |add_ln24_12_fu_6208_p2              |         +|   0|  0|   71|          64|          64|
    |add_ln24_13_fu_6238_p2              |         +|   0|  0|   69|          62|           9|
    |add_ln24_14_fu_6251_p2              |         +|   0|  0|   71|          64|          64|
    |add_ln24_15_fu_6281_p2              |         +|   0|  0|   69|          62|          10|
    |add_ln24_16_fu_6294_p2              |         +|   0|  0|   71|          64|          64|
    |add_ln24_17_fu_6324_p2              |         +|   0|  0|   69|          62|          10|
    |add_ln24_18_fu_6337_p2              |         +|   0|  0|   71|          64|          64|
    |add_ln24_19_fu_6367_p2              |         +|   0|  0|   69|          62|          10|
    |add_ln24_1_fu_5981_p2               |         +|   0|  0|   69|          62|           7|
    |add_ln24_20_fu_6380_p2              |         +|   0|  0|   71|          64|          64|
    |add_ln24_21_fu_6410_p2              |         +|   0|  0|   69|          62|          10|
    |add_ln24_22_fu_6423_p2              |         +|   0|  0|   71|          64|          64|
    |add_ln24_23_fu_6453_p2              |         +|   0|  0|   69|          62|          10|
    |add_ln24_24_fu_6466_p2              |         +|   0|  0|   71|          64|          64|
    |add_ln24_25_fu_6496_p2              |         +|   0|  0|   69|          62|          10|
    |add_ln24_26_fu_6509_p2              |         +|   0|  0|   71|          64|          64|
    |add_ln24_27_fu_6539_p2              |         +|   0|  0|   69|          62|          10|
    |add_ln24_28_fu_6552_p2              |         +|   0|  0|   71|          64|          64|
    |add_ln24_29_fu_6582_p2              |         +|   0|  0|   69|          62|          10|
    |add_ln24_2_fu_5994_p2               |         +|   0|  0|   71|          64|          64|
    |add_ln24_30_fu_6595_p2              |         +|   0|  0|   71|          64|          64|
    |add_ln24_31_fu_6625_p2              |         +|   0|  0|   69|          62|          11|
    |add_ln24_32_fu_6638_p2              |         +|   0|  0|   71|          64|          64|
    |add_ln24_33_fu_6668_p2              |         +|   0|  0|   69|          62|          11|
    |add_ln24_34_fu_6681_p2              |         +|   0|  0|   71|          64|          64|
    |add_ln24_35_fu_6711_p2              |         +|   0|  0|   69|          62|          11|
    |add_ln24_36_fu_6724_p2              |         +|   0|  0|   71|          64|          64|
    |add_ln24_37_fu_6754_p2              |         +|   0|  0|   69|          62|          11|
    |add_ln24_38_fu_6767_p2              |         +|   0|  0|   71|          64|          64|
    |add_ln24_39_fu_6797_p2              |         +|   0|  0|   69|          62|          11|
    |add_ln24_3_fu_6023_p2               |         +|   0|  0|   69|          62|           8|
    |add_ln24_40_fu_6810_p2              |         +|   0|  0|   71|          64|          64|
    |add_ln24_41_fu_6840_p2              |         +|   0|  0|   69|          62|          11|
    |add_ln24_42_fu_6853_p2              |         +|   0|  0|   71|          64|          64|
    |add_ln24_43_fu_6883_p2              |         +|   0|  0|   69|          62|          11|
    |add_ln24_44_fu_6896_p2              |         +|   0|  0|   71|          64|          64|
    |add_ln24_45_fu_6926_p2              |         +|   0|  0|   69|          62|          11|
    |add_ln24_46_fu_6939_p2              |         +|   0|  0|   71|          64|          64|
    |add_ln24_47_fu_6969_p2              |         +|   0|  0|   69|          62|          11|
    |add_ln24_48_fu_6982_p2              |         +|   0|  0|   71|          64|          64|
    |add_ln24_49_fu_7012_p2              |         +|   0|  0|   69|          62|          11|
    |add_ln24_4_fu_6036_p2               |         +|   0|  0|   71|          64|          64|
    |add_ln24_50_fu_7025_p2              |         +|   0|  0|   71|          64|          64|
    |add_ln24_51_fu_7055_p2              |         +|   0|  0|   69|          62|          11|
    |add_ln24_52_fu_7068_p2              |         +|   0|  0|   71|          64|          64|
    |add_ln24_53_fu_7098_p2              |         +|   0|  0|   69|          62|          11|
    |add_ln24_54_fu_7111_p2              |         +|   0|  0|   71|          64|          64|
    |add_ln24_55_fu_7141_p2              |         +|   0|  0|   69|          62|          11|
    |add_ln24_56_fu_7154_p2              |         +|   0|  0|   71|          64|          64|
    |add_ln24_57_fu_7184_p2              |         +|   0|  0|   69|          62|          11|
    |add_ln24_58_fu_7197_p2              |         +|   0|  0|   71|          64|          64|
    |add_ln24_59_fu_7227_p2              |         +|   0|  0|   69|          62|          11|
    |add_ln24_5_fu_6066_p2               |         +|   0|  0|   69|          62|           8|
    |add_ln24_60_fu_7240_p2              |         +|   0|  0|   71|          64|          64|
    |add_ln24_61_fu_7270_p2              |         +|   0|  0|   69|          62|          11|
    |add_ln24_62_fu_7283_p2              |         +|   0|  0|   71|          64|          64|
    |add_ln24_63_fu_7313_p2              |         +|   0|  0|   69|          62|          12|
    |add_ln24_64_fu_7326_p2              |         +|   0|  0|   71|          64|          64|
    |add_ln24_65_fu_7356_p2              |         +|   0|  0|   69|          62|          12|
    |add_ln24_66_fu_7369_p2              |         +|   0|  0|   71|          64|          64|
    |add_ln24_67_fu_7399_p2              |         +|   0|  0|   69|          62|          12|
    |add_ln24_68_fu_7412_p2              |         +|   0|  0|   71|          64|          64|
    |add_ln24_69_fu_7442_p2              |         +|   0|  0|   69|          62|          12|
    |add_ln24_6_fu_6079_p2               |         +|   0|  0|   71|          64|          64|
    |add_ln24_70_fu_7455_p2              |         +|   0|  0|   71|          64|          64|
    |add_ln24_71_fu_7485_p2              |         +|   0|  0|   69|          62|          12|
    |add_ln24_72_fu_7498_p2              |         +|   0|  0|   71|          64|          64|
    |add_ln24_73_fu_7528_p2              |         +|   0|  0|   69|          62|          12|
    |add_ln24_74_fu_7541_p2              |         +|   0|  0|   71|          64|          64|
    |add_ln24_75_fu_7571_p2              |         +|   0|  0|   69|          62|          12|
    |add_ln24_76_fu_7584_p2              |         +|   0|  0|   71|          64|          64|
    |add_ln24_77_fu_7614_p2              |         +|   0|  0|   69|          62|          12|
    |add_ln24_78_fu_7627_p2              |         +|   0|  0|   71|          64|          64|
    |add_ln24_79_fu_7657_p2              |         +|   0|  0|   69|          62|          12|
    |add_ln24_7_fu_6109_p2               |         +|   0|  0|   69|          62|           9|
    |add_ln24_80_fu_7670_p2              |         +|   0|  0|   71|          64|          64|
    |add_ln24_81_fu_7700_p2              |         +|   0|  0|   69|          62|          12|
    |add_ln24_82_fu_7713_p2              |         +|   0|  0|   71|          64|          64|
    |add_ln24_83_fu_7743_p2              |         +|   0|  0|   69|          62|          12|
    |add_ln24_84_fu_7756_p2              |         +|   0|  0|   71|          64|          64|
    |add_ln24_85_fu_7786_p2              |         +|   0|  0|   69|          62|          12|
    |add_ln24_86_fu_7799_p2              |         +|   0|  0|   71|          64|          64|
    |add_ln24_87_fu_7829_p2              |         +|   0|  0|   69|          62|          12|
    |add_ln24_88_fu_7842_p2              |         +|   0|  0|   71|          64|          64|
    |add_ln24_89_fu_7872_p2              |         +|   0|  0|   69|          62|          12|
    |add_ln24_8_fu_6122_p2               |         +|   0|  0|   71|          64|          64|
    |add_ln24_90_fu_7885_p2              |         +|   0|  0|   71|          64|          64|
    |add_ln24_91_fu_7915_p2              |         +|   0|  0|   69|          62|          12|
    |add_ln24_92_fu_7928_p2              |         +|   0|  0|   71|          64|          64|
    |add_ln24_93_fu_7958_p2              |         +|   0|  0|   69|          62|          12|
    |add_ln24_94_fu_7971_p2              |         +|   0|  0|   71|          64|          64|
    |add_ln24_95_fu_8001_p2              |         +|   0|  0|   69|          62|          12|
    |add_ln24_96_fu_8014_p2              |         +|   0|  0|   71|          64|          64|
    |add_ln24_97_fu_8044_p2              |         +|   0|  0|   69|          62|          12|
    |add_ln24_98_fu_8057_p2              |         +|   0|  0|   71|          64|          64|
    |add_ln24_99_fu_8087_p2              |         +|   0|  0|   69|          62|          12|
    |add_ln24_9_fu_6152_p2               |         +|   0|  0|   69|          62|           9|
    |add_ln24_fu_5912_p2                 |         +|   0|  0|   71|          64|          64|
    |add_ln27_1_fu_5950_p2               |         +|   0|  0|   71|          64|          64|
    |add_ln27_fu_5937_p2                 |         +|   0|  0|   69|          62|          62|
    |add_ln7_fu_3225_p2                  |         +|   0|  0|   14|           7|           1|
    |add_ln9_fu_3245_p2                  |         +|   0|  0|   14|           7|           1|
    |ap_block_state11_pp0_stage0_iter8   |       and|   0|  0|    2|           1|           1|
    |ap_block_state35_io                 |       and|   0|  0|    2|           1|           1|
    |ap_block_state42_pp1_stage0_iter8   |       and|   0|  0|    2|           1|           1|
    |ap_block_state4_io                  |       and|   0|  0|    2|           1|           1|
    |ap_block_state52_io                 |       and|   0|  0|    2|           1|           1|
    |ap_block_state53_io                 |       and|   0|  0|    2|           1|           1|
    |ap_block_state58_pp1_stage0_iter24  |       and|   0|  0|    2|           1|           1|
    |icmp_ln11_fu_3299_p2                |      icmp|   0|  0|   11|           7|           8|
    |icmp_ln17_fu_3374_p2                |      icmp|   0|  0|   11|           7|           8|
    |icmp_ln20_fu_5896_p2                |      icmp|   0|  0|   29|          64|           7|
    |icmp_ln7_fu_3231_p2                 |      icmp|   0|  0|   11|           7|           8|
    |icmp_ln9_fu_3251_p2                 |      icmp|   0|  0|   11|           7|           8|
    |ap_block_pp0_stage0_11001           |        or|   0|  0|    2|           1|           1|
    |ap_block_pp1_stage0_01001           |        or|   0|  0|    2|           1|           1|
    |ap_block_pp1_stage0_11001           |        or|   0|  0|    2|           1|           1|
    |ap_block_state140_io                |        or|   0|  0|    2|           1|           1|
    |ap_block_state473_io                |        or|   0|  0|    2|           1|           1|
    |ap_block_state478                   |        or|   0|  0|    2|           1|           1|
    |ap_enable_pp0                       |       xor|   0|  0|    2|           1|           2|
    |ap_enable_pp1                       |       xor|   0|  0|    2|           1|           2|
    |ap_enable_reg_pp0_iter1             |       xor|   0|  0|    2|           2|           1|
    |ap_enable_reg_pp1_iter1             |       xor|   0|  0|    2|           2|           1|
    +------------------------------------+----------+----+---+-----+------------+------------+
    |Total                               |          |   0|  0|14079|       12676|        9335|
    +------------------------------------+----------+----+---+-----+------------+------------+

    * Multiplexer: 
    +-----------------------------+------+-----------+-----+-----------+
    |             Name            |  LUT | Input Size| Bits| Total Bits|
    +-----------------------------+------+-----------+-----+-----------+
    |ap_NS_fsm                    |  2693|       1637|    1|       1637|
    |ap_enable_reg_pp0_iter1      |     9|          2|    1|          2|
    |ap_enable_reg_pp0_iter15     |     9|          2|    1|          2|
    |ap_enable_reg_pp1_iter1      |     9|          2|    1|          2|
    |ap_enable_reg_pp1_iter24     |     9|          2|    1|          2|
    |ap_phi_mux_j_phi_fu_2603_p4  |     9|          2|    7|         14|
    |dot_product_reg_2610         |     9|          2|   32|         64|
    |gmem0_ARADDR                 |   292|         67|   64|       4288|
    |gmem0_AWADDR                 |   279|         65|   64|       4160|
    |gmem0_WDATA                  |   279|         65|   32|       2080|
    |gmem0_blk_n_AR               |     9|          2|    1|          2|
    |gmem0_blk_n_AW               |     9|          2|    1|          2|
    |gmem0_blk_n_B                |     9|          2|    1|          2|
    |gmem0_blk_n_R                |     9|          2|    1|          2|
    |gmem0_blk_n_W                |     9|          2|    1|          2|
    |gmem1_ARADDR                 |   279|         65|   64|       4160|
    |gmem1_blk_n_AR               |     9|          2|    1|          2|
    |gmem1_blk_n_AW               |     9|          2|    1|          2|
    |gmem1_blk_n_B                |     9|          2|    1|          2|
    |gmem1_blk_n_R                |     9|          2|    1|          2|
    |gmem1_blk_n_W                |     9|          2|    1|          2|
    |gmem2_AWADDR                 |    14|          3|   64|        192|
    |gmem2_WDATA                  |    14|          3|   32|         96|
    |gmem2_blk_n_AW               |     9|          2|    1|          2|
    |gmem2_blk_n_B                |     9|          2|    1|          2|
    |gmem2_blk_n_W                |     9|          2|    1|          2|
    |grp_fu_2642_opcode           |    14|          3|    2|          6|
    |grp_fu_2642_p0               |   292|         67|   32|       2144|
    |grp_fu_2642_p1               |   279|         65|   32|       2080|
    |grp_fu_2647_p0               |   286|         66|   32|       2112|
    |grp_fu_2647_p1               |   292|         67|   32|       2144|
    |grp_fu_2651_p0               |    14|          3|   32|         96|
    |grp_fu_2655_p0               |    14|          3|   32|         96|
    |j_1_reg_2622                 |     9|          2|    7|         14|
    |j_2_reg_2633                 |     9|          2|   64|        128|
    |j_4_reg_2588                 |     9|          2|    7|         14|
    |j_reg_2599                   |     9|          2|    7|         14|
    +-----------------------------+------+-----------+-----+-----------+
    |Total                        |  5248|       2225|  656|      25573|
    +-----------------------------+------+-----------+-----+-----------+

    * Register: 
    +------------------------------+------+----+------+-----------+
    |             Name             |  FF  | LUT| Bits | Const Bits|
    +------------------------------+------+----+------+-----------+
    |A_read_reg_9408               |    64|   0|    64|          0|
    |Q_read_reg_9339               |    64|   0|    64|          0|
    |R_read_reg_9333               |    64|   0|    64|          0|
    |add_ln20_reg_10863            |    64|   0|    64|          0|
    |add_ln7_reg_9478              |     7|   0|     7|          0|
    |add_ln9_reg_9534              |     7|   0|     7|          0|
    |ap_CS_fsm                     |  1636|   0|  1636|          0|
    |ap_enable_reg_pp0_iter0       |     1|   0|     1|          0|
    |ap_enable_reg_pp0_iter1       |     1|   0|     1|          0|
    |ap_enable_reg_pp0_iter10      |     1|   0|     1|          0|
    |ap_enable_reg_pp0_iter11      |     1|   0|     1|          0|
    |ap_enable_reg_pp0_iter12      |     1|   0|     1|          0|
    |ap_enable_reg_pp0_iter13      |     1|   0|     1|          0|
    |ap_enable_reg_pp0_iter14      |     1|   0|     1|          0|
    |ap_enable_reg_pp0_iter15      |     1|   0|     1|          0|
    |ap_enable_reg_pp0_iter2       |     1|   0|     1|          0|
    |ap_enable_reg_pp0_iter3       |     1|   0|     1|          0|
    |ap_enable_reg_pp0_iter4       |     1|   0|     1|          0|
    |ap_enable_reg_pp0_iter5       |     1|   0|     1|          0|
    |ap_enable_reg_pp0_iter6       |     1|   0|     1|          0|
    |ap_enable_reg_pp0_iter7       |     1|   0|     1|          0|
    |ap_enable_reg_pp0_iter8       |     1|   0|     1|          0|
    |ap_enable_reg_pp0_iter9       |     1|   0|     1|          0|
    |ap_enable_reg_pp1_iter0       |     1|   0|     1|          0|
    |ap_enable_reg_pp1_iter1       |     1|   0|     1|          0|
    |ap_enable_reg_pp1_iter10      |     1|   0|     1|          0|
    |ap_enable_reg_pp1_iter11      |     1|   0|     1|          0|
    |ap_enable_reg_pp1_iter12      |     1|   0|     1|          0|
    |ap_enable_reg_pp1_iter13      |     1|   0|     1|          0|
    |ap_enable_reg_pp1_iter14      |     1|   0|     1|          0|
    |ap_enable_reg_pp1_iter15      |     1|   0|     1|          0|
    |ap_enable_reg_pp1_iter16      |     1|   0|     1|          0|
    |ap_enable_reg_pp1_iter17      |     1|   0|     1|          0|
    |ap_enable_reg_pp1_iter18      |     1|   0|     1|          0|
    |ap_enable_reg_pp1_iter19      |     1|   0|     1|          0|
    |ap_enable_reg_pp1_iter2       |     1|   0|     1|          0|
    |ap_enable_reg_pp1_iter20      |     1|   0|     1|          0|
    |ap_enable_reg_pp1_iter21      |     1|   0|     1|          0|
    |ap_enable_reg_pp1_iter22      |     1|   0|     1|          0|
    |ap_enable_reg_pp1_iter23      |     1|   0|     1|          0|
    |ap_enable_reg_pp1_iter24      |     1|   0|     1|          0|
    |ap_enable_reg_pp1_iter3       |     1|   0|     1|          0|
    |ap_enable_reg_pp1_iter4       |     1|   0|     1|          0|
    |ap_enable_reg_pp1_iter5       |     1|   0|     1|          0|
    |ap_enable_reg_pp1_iter6       |     1|   0|     1|          0|
    |ap_enable_reg_pp1_iter7       |     1|   0|     1|          0|
    |ap_enable_reg_pp1_iter8       |     1|   0|     1|          0|
    |ap_enable_reg_pp1_iter9       |     1|   0|     1|          0|
    |bitcast_ln23_10_reg_10474     |    32|   0|    32|          0|
    |bitcast_ln23_11_reg_10480     |    32|   0|    32|          0|
    |bitcast_ln23_12_reg_10486     |    32|   0|    32|          0|
    |bitcast_ln23_13_reg_10492     |    32|   0|    32|          0|
    |bitcast_ln23_14_reg_10498     |    32|   0|    32|          0|
    |bitcast_ln23_15_reg_10504     |    32|   0|    32|          0|
    |bitcast_ln23_16_reg_10510     |    32|   0|    32|          0|
    |bitcast_ln23_17_reg_10516     |    32|   0|    32|          0|
    |bitcast_ln23_18_reg_10522     |    32|   0|    32|          0|
    |bitcast_ln23_19_reg_10528     |    32|   0|    32|          0|
    |bitcast_ln23_1_reg_10427      |    32|   0|    32|          0|
    |bitcast_ln23_20_reg_10534     |    32|   0|    32|          0|
    |bitcast_ln23_21_reg_10540     |    32|   0|    32|          0|
    |bitcast_ln23_22_reg_10546     |    32|   0|    32|          0|
    |bitcast_ln23_23_reg_10552     |    32|   0|    32|          0|
    |bitcast_ln23_24_reg_10558     |    32|   0|    32|          0|
    |bitcast_ln23_25_reg_10564     |    32|   0|    32|          0|
    |bitcast_ln23_26_reg_10570     |    32|   0|    32|          0|
    |bitcast_ln23_27_reg_10065     |    32|   0|    32|          0|
    |bitcast_ln23_28_reg_10576     |    32|   0|    32|          0|
    |bitcast_ln23_29_reg_10582     |    32|   0|    32|          0|
    |bitcast_ln23_2_reg_10432      |    32|   0|    32|          0|
    |bitcast_ln23_30_reg_10588     |    32|   0|    32|          0|
    |bitcast_ln23_31_reg_10594     |    32|   0|    32|          0|
    |bitcast_ln23_32_reg_10600     |    32|   0|    32|          0|
    |bitcast_ln23_33_reg_10606     |    32|   0|    32|          0|
    |bitcast_ln23_34_reg_10612     |    32|   0|    32|          0|
    |bitcast_ln23_35_reg_10618     |    32|   0|    32|          0|
    |bitcast_ln23_36_reg_10624     |    32|   0|    32|          0|
    |bitcast_ln23_37_reg_10630     |    32|   0|    32|          0|
    |bitcast_ln23_38_reg_10636     |    32|   0|    32|          0|
    |bitcast_ln23_39_reg_10642     |    32|   0|    32|          0|
    |bitcast_ln23_3_reg_10438      |    32|   0|    32|          0|
    |bitcast_ln23_40_reg_10648     |    32|   0|    32|          0|
    |bitcast_ln23_41_reg_10654     |    32|   0|    32|          0|
    |bitcast_ln23_42_reg_10660     |    32|   0|    32|          0|
    |bitcast_ln23_43_reg_10666     |    32|   0|    32|          0|
    |bitcast_ln23_44_reg_10672     |    32|   0|    32|          0|
    |bitcast_ln23_45_reg_10678     |    32|   0|    32|          0|
    |bitcast_ln23_46_reg_10684     |    32|   0|    32|          0|
    |bitcast_ln23_47_reg_10690     |    32|   0|    32|          0|
    |bitcast_ln23_48_reg_10696     |    32|   0|    32|          0|
    |bitcast_ln23_49_reg_10702     |    32|   0|    32|          0|
    |bitcast_ln23_4_reg_10444      |    32|   0|    32|          0|
    |bitcast_ln23_50_reg_10708     |    32|   0|    32|          0|
    |bitcast_ln23_51_reg_10714     |    32|   0|    32|          0|
    |bitcast_ln23_52_reg_10720     |    32|   0|    32|          0|
    |bitcast_ln23_53_reg_10352     |    32|   0|    32|          0|
    |bitcast_ln23_54_reg_10726     |    32|   0|    32|          0|
    |bitcast_ln23_55_reg_10732     |    32|   0|    32|          0|
    |bitcast_ln23_56_reg_10738     |    32|   0|    32|          0|
    |bitcast_ln23_57_reg_10744     |    32|   0|    32|          0|
    |bitcast_ln23_58_reg_10750     |    32|   0|    32|          0|
    |bitcast_ln23_59_reg_10756     |    32|   0|    32|          0|
    |bitcast_ln23_5_reg_10450      |    32|   0|    32|          0|
    |bitcast_ln23_60_reg_10762     |    32|   0|    32|          0|
    |bitcast_ln23_61_reg_10768     |    32|   0|    32|          0|
    |bitcast_ln23_62_reg_10416     |    32|   0|    32|          0|
    |bitcast_ln23_63_reg_10774     |    32|   0|    32|          0|
    |bitcast_ln23_6_reg_10456      |    32|   0|    32|          0|
    |bitcast_ln23_7_reg_9804       |    32|   0|    32|          0|
    |bitcast_ln23_8_reg_10462      |    32|   0|    32|          0|
    |bitcast_ln23_9_reg_10468      |    32|   0|    32|          0|
    |bitcast_ln23_reg_10422        |    32|   0|    32|          0|
    |bitcast_ln24_reg_10875        |    32|   0|    32|          0|
    |div_i_reg_9619                |    32|   0|    32|          0|
    |dot_product_reg_2610          |    32|   0|    32|          0|
    |gmem0_addr_10_reg_10953       |    64|   0|    64|          0|
    |gmem0_addr_11_reg_10965       |    64|   0|    64|          0|
    |gmem0_addr_12_reg_10977       |    64|   0|    64|          0|
    |gmem0_addr_13_reg_10989       |    64|   0|    64|          0|
    |gmem0_addr_14_reg_11001       |    64|   0|    64|          0|
    |gmem0_addr_15_reg_11013       |    64|   0|    64|          0|
    |gmem0_addr_16_reg_11025       |    64|   0|    64|          0|
    |gmem0_addr_17_reg_11037       |    64|   0|    64|          0|
    |gmem0_addr_18_reg_11049       |    64|   0|    64|          0|
    |gmem0_addr_19_reg_11061       |    64|   0|    64|          0|
    |gmem0_addr_1_read_reg_9609    |    32|   0|    32|          0|
    |gmem0_addr_1_reg_9597         |    64|   0|    64|          0|
    |gmem0_addr_20_reg_11073       |    64|   0|    64|          0|
    |gmem0_addr_21_reg_11085       |    64|   0|    64|          0|
    |gmem0_addr_22_reg_11097       |    64|   0|    64|          0|
    |gmem0_addr_23_reg_11109       |    64|   0|    64|          0|
    |gmem0_addr_24_reg_11121       |    64|   0|    64|          0|
    |gmem0_addr_25_reg_11133       |    64|   0|    64|          0|
    |gmem0_addr_26_reg_11145       |    64|   0|    64|          0|
    |gmem0_addr_27_reg_11157       |    64|   0|    64|          0|
    |gmem0_addr_28_reg_11169       |    64|   0|    64|          0|
    |gmem0_addr_29_reg_11181       |    64|   0|    64|          0|
    |gmem0_addr_2_reg_10850        |    64|   0|    64|          0|
    |gmem0_addr_30_reg_11193       |    64|   0|    64|          0|
    |gmem0_addr_31_reg_11205       |    64|   0|    64|          0|
    |gmem0_addr_32_reg_11217       |    64|   0|    64|          0|
    |gmem0_addr_33_reg_11229       |    64|   0|    64|          0|
    |gmem0_addr_34_reg_11241       |    64|   0|    64|          0|
    |gmem0_addr_35_reg_11253       |    64|   0|    64|          0|
    |gmem0_addr_36_reg_11265       |    64|   0|    64|          0|
    |gmem0_addr_37_reg_11277       |    64|   0|    64|          0|
    |gmem0_addr_38_reg_11289       |    64|   0|    64|          0|
    |gmem0_addr_39_reg_11301       |    64|   0|    64|          0|
    |gmem0_addr_3_reg_10868        |    64|   0|    64|          0|
    |gmem0_addr_40_reg_11313       |    64|   0|    64|          0|
    |gmem0_addr_41_reg_11325       |    64|   0|    64|          0|
    |gmem0_addr_42_reg_11337       |    64|   0|    64|          0|
    |gmem0_addr_43_reg_11349       |    64|   0|    64|          0|
    |gmem0_addr_44_reg_11361       |    64|   0|    64|          0|
    |gmem0_addr_45_reg_11373       |    64|   0|    64|          0|
    |gmem0_addr_46_reg_11385       |    64|   0|    64|          0|
    |gmem0_addr_47_reg_11397       |    64|   0|    64|          0|
    |gmem0_addr_48_reg_11409       |    64|   0|    64|          0|
    |gmem0_addr_49_reg_11421       |    64|   0|    64|          0|
    |gmem0_addr_4_reg_10881        |    64|   0|    64|          0|
    |gmem0_addr_50_reg_11433       |    64|   0|    64|          0|
    |gmem0_addr_51_reg_11445       |    64|   0|    64|          0|
    |gmem0_addr_52_reg_11457       |    64|   0|    64|          0|
    |gmem0_addr_53_reg_11469       |    64|   0|    64|          0|
    |gmem0_addr_54_reg_11481       |    64|   0|    64|          0|
    |gmem0_addr_55_reg_11493       |    64|   0|    64|          0|
    |gmem0_addr_56_reg_11505       |    64|   0|    64|          0|
    |gmem0_addr_57_reg_11517       |    64|   0|    64|          0|
    |gmem0_addr_58_reg_11529       |    64|   0|    64|          0|
    |gmem0_addr_59_reg_11541       |    64|   0|    64|          0|
    |gmem0_addr_5_reg_10893        |    64|   0|    64|          0|
    |gmem0_addr_60_reg_11553       |    64|   0|    64|          0|
    |gmem0_addr_61_reg_11560       |    64|   0|    64|          0|
    |gmem0_addr_62_reg_11567       |    64|   0|    64|          0|
    |gmem0_addr_63_reg_11574       |    64|   0|    64|          0|
    |gmem0_addr_64_reg_11581       |    64|   0|    64|          0|
    |gmem0_addr_65_reg_11588       |    64|   0|    64|          0|
    |gmem0_addr_6_reg_10905        |    64|   0|    64|          0|
    |gmem0_addr_7_reg_10917        |    64|   0|    64|          0|
    |gmem0_addr_8_reg_10929        |    64|   0|    64|          0|
    |gmem0_addr_9_reg_10941        |    64|   0|    64|          0|
    |gmem0_addr_read_reg_9555      |    32|   0|    32|          0|
    |gmem0_addr_reg_9544           |    64|   0|    64|          0|
    |gmem1_addr_10_read_reg_9832   |    32|   0|    32|          0|
    |gmem1_addr_10_reg_9731        |    64|   0|    64|          0|
    |gmem1_addr_11_read_reg_9848   |    32|   0|    32|          0|
    |gmem1_addr_11_reg_9748        |    64|   0|    64|          0|
    |gmem1_addr_12_read_reg_9864   |    32|   0|    32|          0|
    |gmem1_addr_12_reg_9765        |    64|   0|    64|          0|
    |gmem1_addr_13_read_reg_9880   |    32|   0|    32|          0|
    |gmem1_addr_13_reg_9776        |    64|   0|    64|          0|
    |gmem1_addr_14_read_reg_9896   |    32|   0|    32|          0|
    |gmem1_addr_14_reg_9787        |    64|   0|    64|          0|
    |gmem1_addr_15_read_reg_9912   |    32|   0|    32|          0|
    |gmem1_addr_15_reg_9798        |    64|   0|    64|          0|
    |gmem1_addr_16_read_reg_9928   |    32|   0|    32|          0|
    |gmem1_addr_16_reg_9810        |    64|   0|    64|          0|
    |gmem1_addr_17_read_reg_9944   |    32|   0|    32|          0|
    |gmem1_addr_17_reg_9826        |    64|   0|    64|          0|
    |gmem1_addr_18_read_reg_9955   |    32|   0|    32|          0|
    |gmem1_addr_18_reg_9842        |    64|   0|    64|          0|
    |gmem1_addr_19_read_reg_9966   |    32|   0|    32|          0|
    |gmem1_addr_19_reg_9858        |    64|   0|    64|          0|
    |gmem1_addr_1_read_reg_9703    |    32|   0|    32|          0|
    |gmem1_addr_1_reg_9624         |    64|   0|    64|          0|
    |gmem1_addr_20_read_reg_9977   |    32|   0|    32|          0|
    |gmem1_addr_20_reg_9874        |    64|   0|    64|          0|
    |gmem1_addr_21_read_reg_9988   |    32|   0|    32|          0|
    |gmem1_addr_21_reg_9890        |    64|   0|    64|          0|
    |gmem1_addr_22_read_reg_9999   |    32|   0|    32|          0|
    |gmem1_addr_22_reg_9906        |    64|   0|    64|          0|
    |gmem1_addr_23_read_reg_10010  |    32|   0|    32|          0|
    |gmem1_addr_23_reg_9922        |    64|   0|    64|          0|
    |gmem1_addr_24_read_reg_10021  |    32|   0|    32|          0|
    |gmem1_addr_24_reg_9938        |    64|   0|    64|          0|
    |gmem1_addr_25_read_reg_10032  |    32|   0|    32|          0|
    |gmem1_addr_25_reg_9949        |    64|   0|    64|          0|
    |gmem1_addr_26_read_reg_10043  |    32|   0|    32|          0|
    |gmem1_addr_26_reg_9960        |    64|   0|    64|          0|
    |gmem1_addr_27_read_reg_10054  |    32|   0|    32|          0|
    |gmem1_addr_27_reg_9971        |    64|   0|    64|          0|
    |gmem1_addr_28_reg_9982        |    64|   0|    64|          0|
    |gmem1_addr_29_read_reg_10077  |    32|   0|    32|          0|
    |gmem1_addr_29_reg_9993        |    64|   0|    64|          0|
    |gmem1_addr_2_read_reg_9720    |    32|   0|    32|          0|
    |gmem1_addr_2_reg_9639         |    64|   0|    64|          0|
    |gmem1_addr_30_read_reg_10088  |    32|   0|    32|          0|
    |gmem1_addr_30_reg_10004       |    64|   0|    64|          0|
    |gmem1_addr_31_read_reg_10099  |    32|   0|    32|          0|
    |gmem1_addr_31_reg_10015       |    64|   0|    64|          0|
    |gmem1_addr_32_read_reg_10110  |    32|   0|    32|          0|
    |gmem1_addr_32_reg_10026       |    64|   0|    64|          0|
    |gmem1_addr_33_read_reg_10121  |    32|   0|    32|          0|
    |gmem1_addr_33_reg_10037       |    64|   0|    64|          0|
    |gmem1_addr_34_read_reg_10132  |    32|   0|    32|          0|
    |gmem1_addr_34_reg_10048       |    64|   0|    64|          0|
    |gmem1_addr_35_read_reg_10143  |    32|   0|    32|          0|
    |gmem1_addr_35_reg_10059       |    64|   0|    64|          0|
    |gmem1_addr_36_read_reg_10154  |    32|   0|    32|          0|
    |gmem1_addr_36_reg_10071       |    64|   0|    64|          0|
    |gmem1_addr_37_read_reg_10165  |    32|   0|    32|          0|
    |gmem1_addr_37_reg_10082       |    64|   0|    64|          0|
    |gmem1_addr_38_read_reg_10176  |    32|   0|    32|          0|
    |gmem1_addr_38_reg_10093       |    64|   0|    64|          0|
    |gmem1_addr_39_read_reg_10187  |    32|   0|    32|          0|
    |gmem1_addr_39_reg_10104       |    64|   0|    64|          0|
    |gmem1_addr_3_read_reg_9737    |    32|   0|    32|          0|
    |gmem1_addr_3_reg_9653         |    64|   0|    64|          0|
    |gmem1_addr_40_read_reg_10198  |    32|   0|    32|          0|
    |gmem1_addr_40_reg_10115       |    64|   0|    64|          0|
    |gmem1_addr_41_read_reg_10209  |    32|   0|    32|          0|
    |gmem1_addr_41_reg_10126       |    64|   0|    64|          0|
    |gmem1_addr_42_read_reg_10220  |    32|   0|    32|          0|
    |gmem1_addr_42_reg_10137       |    64|   0|    64|          0|
    |gmem1_addr_43_read_reg_10231  |    32|   0|    32|          0|
    |gmem1_addr_43_reg_10148       |    64|   0|    64|          0|
    |gmem1_addr_44_read_reg_10242  |    32|   0|    32|          0|
    |gmem1_addr_44_reg_10159       |    64|   0|    64|          0|
    |gmem1_addr_45_read_reg_10253  |    32|   0|    32|          0|
    |gmem1_addr_45_reg_10170       |    64|   0|    64|          0|
    |gmem1_addr_46_read_reg_10264  |    32|   0|    32|          0|
    |gmem1_addr_46_reg_10181       |    64|   0|    64|          0|
    |gmem1_addr_47_read_reg_10275  |    32|   0|    32|          0|
    |gmem1_addr_47_reg_10192       |    64|   0|    64|          0|
    |gmem1_addr_48_read_reg_10286  |    32|   0|    32|          0|
    |gmem1_addr_48_reg_10203       |    64|   0|    64|          0|
    |gmem1_addr_49_read_reg_10297  |    32|   0|    32|          0|
    |gmem1_addr_49_reg_10214       |    64|   0|    64|          0|
    |gmem1_addr_4_read_reg_9754    |    32|   0|    32|          0|
    |gmem1_addr_4_reg_9659         |    64|   0|    64|          0|
    |gmem1_addr_50_read_reg_10308  |    32|   0|    32|          0|
    |gmem1_addr_50_reg_10225       |    64|   0|    64|          0|
    |gmem1_addr_51_read_reg_10319  |    32|   0|    32|          0|
    |gmem1_addr_51_reg_10236       |    64|   0|    64|          0|
    |gmem1_addr_52_read_reg_10330  |    32|   0|    32|          0|
    |gmem1_addr_52_reg_10247       |    64|   0|    64|          0|
    |gmem1_addr_53_read_reg_10341  |    32|   0|    32|          0|
    |gmem1_addr_53_reg_10258       |    64|   0|    64|          0|
    |gmem1_addr_54_reg_10269       |    64|   0|    64|          0|
    |gmem1_addr_55_read_reg_10376  |    32|   0|    32|          0|
    |gmem1_addr_55_reg_10280       |    64|   0|    64|          0|
    |gmem1_addr_56_read_reg_10381  |    32|   0|    32|          0|
    |gmem1_addr_56_reg_10291       |    64|   0|    64|          0|
    |gmem1_addr_57_read_reg_10386  |    32|   0|    32|          0|
    |gmem1_addr_57_reg_10302       |    64|   0|    64|          0|
    |gmem1_addr_58_read_reg_10391  |    32|   0|    32|          0|
    |gmem1_addr_58_reg_10313       |    64|   0|    64|          0|
    |gmem1_addr_59_read_reg_10396  |    32|   0|    32|          0|
    |gmem1_addr_59_reg_10324       |    64|   0|    64|          0|
    |gmem1_addr_5_read_reg_9771    |    32|   0|    32|          0|
    |gmem1_addr_5_reg_9672         |    64|   0|    64|          0|
    |gmem1_addr_60_read_reg_10401  |    32|   0|    32|          0|
    |gmem1_addr_60_reg_10335       |    64|   0|    64|          0|
    |gmem1_addr_61_read_reg_10406  |    32|   0|    32|          0|
    |gmem1_addr_61_reg_10346       |    64|   0|    64|          0|
    |gmem1_addr_62_read_reg_10411  |    32|   0|    32|          0|
    |gmem1_addr_62_reg_10358       |    64|   0|    64|          0|
    |gmem1_addr_63_reg_10364       |    64|   0|    64|          0|
    |gmem1_addr_64_reg_10370       |    64|   0|    64|          0|
    |gmem1_addr_6_read_reg_9782    |    32|   0|    32|          0|
    |gmem1_addr_6_reg_9685         |    64|   0|    64|          0|
    |gmem1_addr_7_read_reg_9793    |    32|   0|    32|          0|
    |gmem1_addr_7_reg_9691         |    64|   0|    64|          0|
    |gmem1_addr_8_reg_9697         |    64|   0|    64|          0|
    |gmem1_addr_9_read_reg_9816    |    32|   0|    32|          0|
    |gmem1_addr_9_reg_9714         |    64|   0|    64|          0|
    |gmem1_addr_reg_9603           |    64|   0|    64|          0|
    |gmem2_addr_1_reg_10857        |    64|   0|    64|          0|
    |gmem2_addr_reg_9571           |    64|   0|    64|          0|
    |icmp_ln11_reg_9550            |     1|   0|     1|          0|
    |icmp_ln17_reg_9593            |     1|   0|     1|          0|
    |icmp_ln9_reg_9540             |     1|   0|     1|          0|
    |j_1_reg_2622                  |     7|   0|     7|          0|
    |j_2_reg_2633                  |    64|   0|    64|          0|
    |j_4_reg_2588                  |     7|   0|     7|          0|
    |j_reg_2599                    |     7|   0|     7|          0|
    |mul53_i_10_reg_11685          |    32|   0|    32|          0|
    |mul53_i_11_reg_11690          |    32|   0|    32|          0|
    |mul53_i_12_reg_11695          |    32|   0|    32|          0|
    |mul53_i_13_reg_11700          |    32|   0|    32|          0|
    |mul53_i_14_reg_11705          |    32|   0|    32|          0|
    |mul53_i_15_reg_11710          |    32|   0|    32|          0|
    |mul53_i_16_reg_11715          |    32|   0|    32|          0|
    |mul53_i_17_reg_11720          |    32|   0|    32|          0|
    |mul53_i_18_reg_11725          |    32|   0|    32|          0|
    |mul53_i_19_reg_11730          |    32|   0|    32|          0|
    |mul53_i_20_reg_11735          |    32|   0|    32|          0|
    |mul53_i_21_reg_11740          |    32|   0|    32|          0|
    |mul53_i_22_reg_11745          |    32|   0|    32|          0|
    |mul53_i_23_reg_11750          |    32|   0|    32|          0|
    |mul53_i_24_reg_11755          |    32|   0|    32|          0|
    |mul53_i_25_reg_11760          |    32|   0|    32|          0|
    |mul53_i_26_reg_11765          |    32|   0|    32|          0|
    |mul53_i_27_reg_11770          |    32|   0|    32|          0|
    |mul53_i_28_reg_11775          |    32|   0|    32|          0|
    |mul53_i_29_reg_11780          |    32|   0|    32|          0|
    |mul53_i_2_reg_11645           |    32|   0|    32|          0|
    |mul53_i_30_reg_11785          |    32|   0|    32|          0|
    |mul53_i_31_reg_11790          |    32|   0|    32|          0|
    |mul53_i_32_reg_11795          |    32|   0|    32|          0|
    |mul53_i_33_reg_11800          |    32|   0|    32|          0|
    |mul53_i_34_reg_11805          |    32|   0|    32|          0|
    |mul53_i_35_reg_11810          |    32|   0|    32|          0|
    |mul53_i_36_reg_11815          |    32|   0|    32|          0|
    |mul53_i_37_reg_11635          |    32|   0|    32|          0|
    |mul53_i_38_reg_11820          |    32|   0|    32|          0|
    |mul53_i_39_reg_11825          |    32|   0|    32|          0|
    |mul53_i_3_reg_11650           |    32|   0|    32|          0|
    |mul53_i_40_reg_11830          |    32|   0|    32|          0|
    |mul53_i_41_reg_11835          |    32|   0|    32|          0|
    |mul53_i_42_reg_11840          |    32|   0|    32|          0|
    |mul53_i_43_reg_11845          |    32|   0|    32|          0|
    |mul53_i_44_reg_11850          |    32|   0|    32|          0|
    |mul53_i_45_reg_11855          |    32|   0|    32|          0|
    |mul53_i_46_reg_11860          |    32|   0|    32|          0|
    |mul53_i_47_reg_11865          |    32|   0|    32|          0|
    |mul53_i_48_reg_11870          |    32|   0|    32|          0|
    |mul53_i_49_reg_11875          |    32|   0|    32|          0|
    |mul53_i_4_reg_11655           |    32|   0|    32|          0|
    |mul53_i_50_reg_11880          |    32|   0|    32|          0|
    |mul53_i_51_reg_11885          |    32|   0|    32|          0|
    |mul53_i_52_reg_11890          |    32|   0|    32|          0|
    |mul53_i_53_reg_11895          |    32|   0|    32|          0|
    |mul53_i_54_reg_11900          |    32|   0|    32|          0|
    |mul53_i_55_reg_11905          |    32|   0|    32|          0|
    |mul53_i_56_reg_11910          |    32|   0|    32|          0|
    |mul53_i_57_reg_11915          |    32|   0|    32|          0|
    |mul53_i_58_reg_11920          |    32|   0|    32|          0|
    |mul53_i_59_reg_11925          |    32|   0|    32|          0|
    |mul53_i_5_reg_11660           |    32|   0|    32|          0|
    |mul53_i_60_reg_11930          |    32|   0|    32|          0|
    |mul53_i_61_reg_11935          |    32|   0|    32|          0|
    |mul53_i_62_reg_11940          |    32|   0|    32|          0|
    |mul53_i_6_reg_11665           |    32|   0|    32|          0|
    |mul53_i_7_reg_11630           |    32|   0|    32|          0|
    |mul53_i_8_reg_11670           |    32|   0|    32|          0|
    |mul53_i_9_reg_11675           |    32|   0|    32|          0|
    |mul53_i_s_reg_11680           |    32|   0|    32|          0|
    |reg_2901                      |    32|   0|    32|          0|
    |reg_2907                      |    32|   0|    32|          0|
    |reg_2911                      |    32|   0|    32|          0|
    |reg_2977                      |    32|   0|    32|          0|
    |reg_2981                      |    32|   0|    32|          0|
    |reg_2985                      |    32|   0|    32|          0|
    |reg_2989                      |    32|   0|    32|          0|
    |reg_2993                      |    32|   0|    32|          0|
    |reg_2997                      |    32|   0|    32|          0|
    |reg_3001                      |    32|   0|    32|          0|
    |reg_3005                      |    32|   0|    32|          0|
    |reg_3009                      |    32|   0|    32|          0|
    |reg_3013                      |    32|   0|    32|          0|
    |reg_3017                      |    32|   0|    32|          0|
    |reg_3021                      |    32|   0|    32|          0|
    |reg_3025                      |    32|   0|    32|          0|
    |reg_3029                      |    32|   0|    32|          0|
    |reg_3033                      |    32|   0|    32|          0|
    |reg_3037                      |    32|   0|    32|          0|
    |reg_3041                      |    32|   0|    32|          0|
    |reg_3045                      |    32|   0|    32|          0|
    |reg_3049                      |    32|   0|    32|          0|
    |reg_3053                      |    32|   0|    32|          0|
    |reg_3057                      |    32|   0|    32|          0|
    |reg_3061                      |    32|   0|    32|          0|
    |reg_3065                      |    32|   0|    32|          0|
    |reg_3069                      |    32|   0|    32|          0|
    |reg_3073                      |    32|   0|    32|          0|
    |reg_3077                      |    32|   0|    32|          0|
    |reg_3081                      |    32|   0|    32|          0|
    |reg_3085                      |    32|   0|    32|          0|
    |reg_3089                      |    32|   0|    32|          0|
    |reg_3093                      |    32|   0|    32|          0|
    |reg_3097                      |    32|   0|    32|          0|
    |reg_3101                      |    32|   0|    32|          0|
    |reg_3105                      |    32|   0|    32|          0|
    |reg_3109                      |    32|   0|    32|          0|
    |reg_3113                      |    32|   0|    32|          0|
    |reg_3117                      |    32|   0|    32|          0|
    |reg_3121                      |    32|   0|    32|          0|
    |reg_3125                      |    32|   0|    32|          0|
    |reg_3129                      |    32|   0|    32|          0|
    |reg_3133                      |    32|   0|    32|          0|
    |reg_3137                      |    32|   0|    32|          0|
    |reg_3141                      |    32|   0|    32|          0|
    |reg_3145                      |    32|   0|    32|          0|
    |reg_3149                      |    32|   0|    32|          0|
    |reg_3153                      |    32|   0|    32|          0|
    |reg_3157                      |    32|   0|    32|          0|
    |reg_3161                      |    32|   0|    32|          0|
    |reg_3165                      |    32|   0|    32|          0|
    |reg_3169                      |    32|   0|    32|          0|
    |reg_3173                      |    32|   0|    32|          0|
    |reg_3177                      |    32|   0|    32|          0|
    |reg_3181                      |    32|   0|    32|          0|
    |reg_3185                      |    32|   0|    32|          0|
    |reg_3189                      |    32|   0|    32|          0|
    |reg_3193                      |    32|   0|    32|          0|
    |reg_3197                      |    32|   0|    32|          0|
    |reg_3201                      |    32|   0|    32|          0|
    |reg_3205                      |    32|   0|    32|          0|
    |reg_3209                      |    32|   0|    32|          0|
    |reg_3213                      |    32|   0|    32|          0|
    |reg_3217                      |    32|   0|    32|          0|
    |reg_3221                      |    32|   0|    32|          0|
    |shl_ln23_10_reg_9853          |     6|   0|    13|          7|
    |shl_ln23_11_reg_9869          |     6|   0|    13|          7|
    |shl_ln23_12_reg_9885          |     6|   0|    13|          7|
    |shl_ln23_13_reg_9901          |     6|   0|    13|          7|
    |shl_ln23_14_reg_9917          |     6|   0|    13|          7|
    |shl_ln23_15_reg_9933          |     6|   0|    13|          7|
    |shl_ln23_1_reg_9630           |     6|   0|     9|          3|
    |shl_ln23_2_reg_9645           |     6|   0|    10|          4|
    |shl_ln23_3_reg_9759           |     6|   0|    12|          6|
    |shl_ln23_4_reg_9665           |     6|   0|    11|          5|
    |shl_ln23_5_reg_9678           |     6|   0|    11|          5|
    |shl_ln23_6_reg_9821           |     6|   0|    13|          7|
    |shl_ln23_7_reg_9837           |     6|   0|    13|          7|
    |shl_ln23_8_reg_9708           |     6|   0|    12|          6|
    |shl_ln23_9_reg_9725           |     6|   0|    12|          6|
    |shl_ln23_s_reg_9742           |     6|   0|    12|          6|
    |sub_i_reg_11640               |    32|   0|    32|          0|
    |tmp_reg_9577                  |    32|   0|    32|          0|
    |trunc_ln10_reg_9492           |     6|   0|     6|          0|
    |trunc_ln24_reg_10783          |    62|   0|    62|          0|
    |zext_ln15_reg_9583            |     6|   0|    62|         56|
    |zext_ln20_reg_9487            |     7|   0|    64|         57|
    |gmem1_addr_reg_9603           |    64|  32|    64|          0|
    |icmp_ln11_reg_9550            |    64|  32|     1|          0|
    |icmp_ln17_reg_9593            |    64|  32|     1|          0|
    |icmp_ln9_reg_9540             |    64|  32|     1|          0|
    +------------------------------+------+----+------+-----------+
    |Total                         | 19204| 128| 19225|        210|
    +------------------------------+------+----+------+-----------+



================================================================
== Interface
================================================================
* Summary: 
+-----------------------+-----+-----+------------+--------------+--------------+
|       RTL Ports       | Dir | Bits|  Protocol  | Source Object|    C Type    |
+-----------------------+-----+-----+------------+--------------+--------------+
|s_axi_control_AWVALID  |   in|    1|       s_axi|       control|        scalar|
|s_axi_control_AWREADY  |  out|    1|       s_axi|       control|        scalar|
|s_axi_control_AWADDR   |   in|    6|       s_axi|       control|        scalar|
|s_axi_control_WVALID   |   in|    1|       s_axi|       control|        scalar|
|s_axi_control_WREADY   |  out|    1|       s_axi|       control|        scalar|
|s_axi_control_WDATA    |   in|   32|       s_axi|       control|        scalar|
|s_axi_control_WSTRB    |   in|    4|       s_axi|       control|        scalar|
|s_axi_control_ARVALID  |   in|    1|       s_axi|       control|        scalar|
|s_axi_control_ARREADY  |  out|    1|       s_axi|       control|        scalar|
|s_axi_control_ARADDR   |   in|    6|       s_axi|       control|        scalar|
|s_axi_control_RVALID   |  out|    1|       s_axi|       control|        scalar|
|s_axi_control_RREADY   |   in|    1|       s_axi|       control|        scalar|
|s_axi_control_RDATA    |  out|   32|       s_axi|       control|        scalar|
|s_axi_control_RRESP    |  out|    2|       s_axi|       control|        scalar|
|s_axi_control_BVALID   |  out|    1|       s_axi|       control|        scalar|
|s_axi_control_BREADY   |   in|    1|       s_axi|       control|        scalar|
|s_axi_control_BRESP    |  out|    2|       s_axi|       control|        scalar|
|ap_clk                 |   in|    1|  ap_ctrl_hs|      Example1|  return value|
|ap_rst_n               |   in|    1|  ap_ctrl_hs|      Example1|  return value|
|interrupt              |  out|    1|  ap_ctrl_hs|      Example1|  return value|
|m_axi_gmem0_AWVALID    |  out|    1|       m_axi|         gmem0|       pointer|
|m_axi_gmem0_AWREADY    |   in|    1|       m_axi|         gmem0|       pointer|
|m_axi_gmem0_AWADDR     |  out|   64|       m_axi|         gmem0|       pointer|
|m_axi_gmem0_AWID       |  out|    1|       m_axi|         gmem0|       pointer|
|m_axi_gmem0_AWLEN      |  out|    8|       m_axi|         gmem0|       pointer|
|m_axi_gmem0_AWSIZE     |  out|    3|       m_axi|         gmem0|       pointer|
|m_axi_gmem0_AWBURST    |  out|    2|       m_axi|         gmem0|       pointer|
|m_axi_gmem0_AWLOCK     |  out|    2|       m_axi|         gmem0|       pointer|
|m_axi_gmem0_AWCACHE    |  out|    4|       m_axi|         gmem0|       pointer|
|m_axi_gmem0_AWPROT     |  out|    3|       m_axi|         gmem0|       pointer|
|m_axi_gmem0_AWQOS      |  out|    4|       m_axi|         gmem0|       pointer|
|m_axi_gmem0_AWREGION   |  out|    4|       m_axi|         gmem0|       pointer|
|m_axi_gmem0_AWUSER     |  out|    1|       m_axi|         gmem0|       pointer|
|m_axi_gmem0_WVALID     |  out|    1|       m_axi|         gmem0|       pointer|
|m_axi_gmem0_WREADY     |   in|    1|       m_axi|         gmem0|       pointer|
|m_axi_gmem0_WDATA      |  out|   32|       m_axi|         gmem0|       pointer|
|m_axi_gmem0_WSTRB      |  out|    4|       m_axi|         gmem0|       pointer|
|m_axi_gmem0_WLAST      |  out|    1|       m_axi|         gmem0|       pointer|
|m_axi_gmem0_WID        |  out|    1|       m_axi|         gmem0|       pointer|
|m_axi_gmem0_WUSER      |  out|    1|       m_axi|         gmem0|       pointer|
|m_axi_gmem0_ARVALID    |  out|    1|       m_axi|         gmem0|       pointer|
|m_axi_gmem0_ARREADY    |   in|    1|       m_axi|         gmem0|       pointer|
|m_axi_gmem0_ARADDR     |  out|   64|       m_axi|         gmem0|       pointer|
|m_axi_gmem0_ARID       |  out|    1|       m_axi|         gmem0|       pointer|
|m_axi_gmem0_ARLEN      |  out|    8|       m_axi|         gmem0|       pointer|
|m_axi_gmem0_ARSIZE     |  out|    3|       m_axi|         gmem0|       pointer|
|m_axi_gmem0_ARBURST    |  out|    2|       m_axi|         gmem0|       pointer|
|m_axi_gmem0_ARLOCK     |  out|    2|       m_axi|         gmem0|       pointer|
|m_axi_gmem0_ARCACHE    |  out|    4|       m_axi|         gmem0|       pointer|
|m_axi_gmem0_ARPROT     |  out|    3|       m_axi|         gmem0|       pointer|
|m_axi_gmem0_ARQOS      |  out|    4|       m_axi|         gmem0|       pointer|
|m_axi_gmem0_ARREGION   |  out|    4|       m_axi|         gmem0|       pointer|
|m_axi_gmem0_ARUSER     |  out|    1|       m_axi|         gmem0|       pointer|
|m_axi_gmem0_RVALID     |   in|    1|       m_axi|         gmem0|       pointer|
|m_axi_gmem0_RREADY     |  out|    1|       m_axi|         gmem0|       pointer|
|m_axi_gmem0_RDATA      |   in|   32|       m_axi|         gmem0|       pointer|
|m_axi_gmem0_RLAST      |   in|    1|       m_axi|         gmem0|       pointer|
|m_axi_gmem0_RID        |   in|    1|       m_axi|         gmem0|       pointer|
|m_axi_gmem0_RUSER      |   in|    1|       m_axi|         gmem0|       pointer|
|m_axi_gmem0_RRESP      |   in|    2|       m_axi|         gmem0|       pointer|
|m_axi_gmem0_BVALID     |   in|    1|       m_axi|         gmem0|       pointer|
|m_axi_gmem0_BREADY     |  out|    1|       m_axi|         gmem0|       pointer|
|m_axi_gmem0_BRESP      |   in|    2|       m_axi|         gmem0|       pointer|
|m_axi_gmem0_BID        |   in|    1|       m_axi|         gmem0|       pointer|
|m_axi_gmem0_BUSER      |   in|    1|       m_axi|         gmem0|       pointer|
|m_axi_gmem1_AWVALID    |  out|    1|       m_axi|         gmem1|       pointer|
|m_axi_gmem1_AWREADY    |   in|    1|       m_axi|         gmem1|       pointer|
|m_axi_gmem1_AWADDR     |  out|   64|       m_axi|         gmem1|       pointer|
|m_axi_gmem1_AWID       |  out|    1|       m_axi|         gmem1|       pointer|
|m_axi_gmem1_AWLEN      |  out|    8|       m_axi|         gmem1|       pointer|
|m_axi_gmem1_AWSIZE     |  out|    3|       m_axi|         gmem1|       pointer|
|m_axi_gmem1_AWBURST    |  out|    2|       m_axi|         gmem1|       pointer|
|m_axi_gmem1_AWLOCK     |  out|    2|       m_axi|         gmem1|       pointer|
|m_axi_gmem1_AWCACHE    |  out|    4|       m_axi|         gmem1|       pointer|
|m_axi_gmem1_AWPROT     |  out|    3|       m_axi|         gmem1|       pointer|
|m_axi_gmem1_AWQOS      |  out|    4|       m_axi|         gmem1|       pointer|
|m_axi_gmem1_AWREGION   |  out|    4|       m_axi|         gmem1|       pointer|
|m_axi_gmem1_AWUSER     |  out|    1|       m_axi|         gmem1|       pointer|
|m_axi_gmem1_WVALID     |  out|    1|       m_axi|         gmem1|       pointer|
|m_axi_gmem1_WREADY     |   in|    1|       m_axi|         gmem1|       pointer|
|m_axi_gmem1_WDATA      |  out|   32|       m_axi|         gmem1|       pointer|
|m_axi_gmem1_WSTRB      |  out|    4|       m_axi|         gmem1|       pointer|
|m_axi_gmem1_WLAST      |  out|    1|       m_axi|         gmem1|       pointer|
|m_axi_gmem1_WID        |  out|    1|       m_axi|         gmem1|       pointer|
|m_axi_gmem1_WUSER      |  out|    1|       m_axi|         gmem1|       pointer|
|m_axi_gmem1_ARVALID    |  out|    1|       m_axi|         gmem1|       pointer|
|m_axi_gmem1_ARREADY    |   in|    1|       m_axi|         gmem1|       pointer|
|m_axi_gmem1_ARADDR     |  out|   64|       m_axi|         gmem1|       pointer|
|m_axi_gmem1_ARID       |  out|    1|       m_axi|         gmem1|       pointer|
|m_axi_gmem1_ARLEN      |  out|    8|       m_axi|         gmem1|       pointer|
|m_axi_gmem1_ARSIZE     |  out|    3|       m_axi|         gmem1|       pointer|
|m_axi_gmem1_ARBURST    |  out|    2|       m_axi|         gmem1|       pointer|
|m_axi_gmem1_ARLOCK     |  out|    2|       m_axi|         gmem1|       pointer|
|m_axi_gmem1_ARCACHE    |  out|    4|       m_axi|         gmem1|       pointer|
|m_axi_gmem1_ARPROT     |  out|    3|       m_axi|         gmem1|       pointer|
|m_axi_gmem1_ARQOS      |  out|    4|       m_axi|         gmem1|       pointer|
|m_axi_gmem1_ARREGION   |  out|    4|       m_axi|         gmem1|       pointer|
|m_axi_gmem1_ARUSER     |  out|    1|       m_axi|         gmem1|       pointer|
|m_axi_gmem1_RVALID     |   in|    1|       m_axi|         gmem1|       pointer|
|m_axi_gmem1_RREADY     |  out|    1|       m_axi|         gmem1|       pointer|
|m_axi_gmem1_RDATA      |   in|   32|       m_axi|         gmem1|       pointer|
|m_axi_gmem1_RLAST      |   in|    1|       m_axi|         gmem1|       pointer|
|m_axi_gmem1_RID        |   in|    1|       m_axi|         gmem1|       pointer|
|m_axi_gmem1_RUSER      |   in|    1|       m_axi|         gmem1|       pointer|
|m_axi_gmem1_RRESP      |   in|    2|       m_axi|         gmem1|       pointer|
|m_axi_gmem1_BVALID     |   in|    1|       m_axi|         gmem1|       pointer|
|m_axi_gmem1_BREADY     |  out|    1|       m_axi|         gmem1|       pointer|
|m_axi_gmem1_BRESP      |   in|    2|       m_axi|         gmem1|       pointer|
|m_axi_gmem1_BID        |   in|    1|       m_axi|         gmem1|       pointer|
|m_axi_gmem1_BUSER      |   in|    1|       m_axi|         gmem1|       pointer|
|m_axi_gmem2_AWVALID    |  out|    1|       m_axi|         gmem2|       pointer|
|m_axi_gmem2_AWREADY    |   in|    1|       m_axi|         gmem2|       pointer|
|m_axi_gmem2_AWADDR     |  out|   64|       m_axi|         gmem2|       pointer|
|m_axi_gmem2_AWID       |  out|    1|       m_axi|         gmem2|       pointer|
|m_axi_gmem2_AWLEN      |  out|    8|       m_axi|         gmem2|       pointer|
|m_axi_gmem2_AWSIZE     |  out|    3|       m_axi|         gmem2|       pointer|
|m_axi_gmem2_AWBURST    |  out|    2|       m_axi|         gmem2|       pointer|
|m_axi_gmem2_AWLOCK     |  out|    2|       m_axi|         gmem2|       pointer|
|m_axi_gmem2_AWCACHE    |  out|    4|       m_axi|         gmem2|       pointer|
|m_axi_gmem2_AWPROT     |  out|    3|       m_axi|         gmem2|       pointer|
|m_axi_gmem2_AWQOS      |  out|    4|       m_axi|         gmem2|       pointer|
|m_axi_gmem2_AWREGION   |  out|    4|       m_axi|         gmem2|       pointer|
|m_axi_gmem2_AWUSER     |  out|    1|       m_axi|         gmem2|       pointer|
|m_axi_gmem2_WVALID     |  out|    1|       m_axi|         gmem2|       pointer|
|m_axi_gmem2_WREADY     |   in|    1|       m_axi|         gmem2|       pointer|
|m_axi_gmem2_WDATA      |  out|   32|       m_axi|         gmem2|       pointer|
|m_axi_gmem2_WSTRB      |  out|    4|       m_axi|         gmem2|       pointer|
|m_axi_gmem2_WLAST      |  out|    1|       m_axi|         gmem2|       pointer|
|m_axi_gmem2_WID        |  out|    1|       m_axi|         gmem2|       pointer|
|m_axi_gmem2_WUSER      |  out|    1|       m_axi|         gmem2|       pointer|
|m_axi_gmem2_ARVALID    |  out|    1|       m_axi|         gmem2|       pointer|
|m_axi_gmem2_ARREADY    |   in|    1|       m_axi|         gmem2|       pointer|
|m_axi_gmem2_ARADDR     |  out|   64|       m_axi|         gmem2|       pointer|
|m_axi_gmem2_ARID       |  out|    1|       m_axi|         gmem2|       pointer|
|m_axi_gmem2_ARLEN      |  out|    8|       m_axi|         gmem2|       pointer|
|m_axi_gmem2_ARSIZE     |  out|    3|       m_axi|         gmem2|       pointer|
|m_axi_gmem2_ARBURST    |  out|    2|       m_axi|         gmem2|       pointer|
|m_axi_gmem2_ARLOCK     |  out|    2|       m_axi|         gmem2|       pointer|
|m_axi_gmem2_ARCACHE    |  out|    4|       m_axi|         gmem2|       pointer|
|m_axi_gmem2_ARPROT     |  out|    3|       m_axi|         gmem2|       pointer|
|m_axi_gmem2_ARQOS      |  out|    4|       m_axi|         gmem2|       pointer|
|m_axi_gmem2_ARREGION   |  out|    4|       m_axi|         gmem2|       pointer|
|m_axi_gmem2_ARUSER     |  out|    1|       m_axi|         gmem2|       pointer|
|m_axi_gmem2_RVALID     |   in|    1|       m_axi|         gmem2|       pointer|
|m_axi_gmem2_RREADY     |  out|    1|       m_axi|         gmem2|       pointer|
|m_axi_gmem2_RDATA      |   in|   32|       m_axi|         gmem2|       pointer|
|m_axi_gmem2_RLAST      |   in|    1|       m_axi|         gmem2|       pointer|
|m_axi_gmem2_RID        |   in|    1|       m_axi|         gmem2|       pointer|
|m_axi_gmem2_RUSER      |   in|    1|       m_axi|         gmem2|       pointer|
|m_axi_gmem2_RRESP      |   in|    2|       m_axi|         gmem2|       pointer|
|m_axi_gmem2_BVALID     |   in|    1|       m_axi|         gmem2|       pointer|
|m_axi_gmem2_BREADY     |  out|    1|       m_axi|         gmem2|       pointer|
|m_axi_gmem2_BRESP      |   in|    2|       m_axi|         gmem2|       pointer|
|m_axi_gmem2_BID        |   in|    1|       m_axi|         gmem2|       pointer|
|m_axi_gmem2_BUSER      |   in|    1|       m_axi|         gmem2|       pointer|
+-----------------------+-----+-----+------------+--------------+--------------+

